../Core/Src/freertos.c:196:13:vApplicationStackOverflowHook	16	static
../Core/Src/freertos.c:206:6:vApplicationMallocFailedHook	4	static
../Core/Src/freertos.c:226:6:MX_FREERTOS_Init	8	static
../Core/Src/freertos.c:321:6:StartDefaultTask	16	static
../Core/Src/freertos.c:343:6:StartTaskUdpListener	16	static
../Core/Src/freertos.c:361:6:StartTaskDispatcher	16	static
../Core/Src/freertos.c:375:6:StartTaskUartTest	16	static
../Core/Src/freertos.c:389:6:StartTaskI2cTest	16	static
../Core/Src/freertos.c:403:6:StartTaskSpiTest	16	static
../Core/Src/freertos.c:417:6:StartTaskAdcTest	16	static
../Core/Src/freertos.c:431:6:StartTaskTimTest	16	static
../Core/Src/freertos.c:445:6:StartResponseTask	16	static
../Core/Src/freertos.c:459:6:StartLoggerTask	16	static
