../Core/Src/freertos.c:185:13:vApplicationStackOverflowHook	16	static
../Core/Src/freertos.c:197:6:vApplicationMallocFailedHook	4	static
../Core/Src/freertos.c:217:6:MX_FREERTOS_Init	8	static
../Core/Src/freertos.c:305:6:StartDefaultTask	16	static
../Core/Src/freertos.c:328:6:StartTaskUdpListener	16	static
../Core/Src/freertos.c:342:6:StartTaskDispatcher	16	static
../Core/Src/freertos.c:356:6:StartTaskUartTest	16	static
../Core/Src/freertos.c:370:6:StartTaskI2cTest	16	static
../Core/Src/freertos.c:384:6:StartTaskSpiTest	16	static
../Core/Src/freertos.c:398:6:StartTaskAdcTest	16	static
../Core/Src/freertos.c:412:6:StartTaskTimTest	16	static
../Core/Src/freertos.c:426:6:StartResponseTask	16	static
